// Jest Snapshot v1, https://goo.gl/fbAQLP

exports[`a ParametersTypeCoder generates type never when there is no match 1`] = `
"type TestType = never;
"
`;

exports[`a ParametersTypeCoder generates types for parameters (OAS2): header 1`] = `
"type TestType = { name?: string };
"
`;

exports[`a ParametersTypeCoder generates types for parameters (OAS2): path 1`] = `
"type TestType = { id: string };
"
`;

exports[`a ParametersTypeCoder generates types for parameters (OAS2): query 1`] = `
"type TestType = { name?: string; age?: number };
"
`;

exports[`a ParametersTypeCoder generates types for parameters: header 1`] = `
"type TestType = { name?: string };
"
`;

exports[`a ParametersTypeCoder generates types for parameters: path 1`] = `
"type TestType = { id: string };
"
`;

exports[`a ParametersTypeCoder generates types for parameters: query 1`] = `
"type TestType = { name?: string; age?: number };
"
`;
